
> vibe-coding-production@0.9.3 pack:check
> npm pack --dry-run

npm notice
npm notice package: vibe-coding-production@0.9.3
npm notice Tarball Contents
npm notice 647B .github/ISSUE_TEMPLATE/bug_report.yml
npm notice 590B .github/ISSUE_TEMPLATE/feature_request.yml
npm notice 424B .github/PULL_REQUEST_TEMPLATE.md
npm notice 467B .github/workflows/validate.yml
npm notice 13.2kB AGENTS.md
npm notice 1.1kB LICENSE
npm notice 18.6kB README.ar.md
npm notice 16.8kB README.md
npm notice 568B bin/vibe-coding-production.mjs
npm notice 3.3kB docs/00-START-HERE.md
npm notice 231.7kB docs/ADAPTIVE-VCP-CODE-INTEGRATION-ANALYSIS.md
npm notice 47.5kB docs/ADAPTIVE-VCP-FINAL-PREIMPLEMENTATION-AUDIT.md
npm notice 189.1kB docs/ADAPTIVE-VCP-IMPLEMENTATION-PLAN.md
npm notice 6.6kB docs/ARCHITECTURE-FITNESS.md
npm notice 922B docs/architecture/adr/ADR-TEMPLATE.md
npm notice 2.1kB docs/architecture/ARCHITECTURE.md
npm notice 914B docs/architecture/DATA-MODEL.md
npm notice 739B docs/architecture/DOMAIN.md
npm notice 17.1kB docs/CLI.md
npm notice 8.4kB docs/COMMUNITY-PLUGINS.md
npm notice 15.6kB docs/CONTEXT-PACKS.md
npm notice 1.4kB docs/delivery/DEFINITION-OF-DONE.md
npm notice 1.0kB docs/delivery/DEFINITION-OF-READY.md
npm notice 1.3kB docs/delivery/RELEASE-CHECKLIST.md
npm notice 1.4kB docs/delivery/TASK-TEMPLATE.md
npm notice 6.4kB docs/DOCTOR.md
npm notice 14.9kB docs/MOBILE-PROFILES.md
npm notice 9.2kB docs/OPERATING-MODEL.md
npm notice 1.2kB docs/product/PRD.md
npm notice 1.0kB docs/product/PRODUCT-BRIEF.md
npm notice 730B docs/product/USER-FLOWS.md
npm notice 6.8kB docs/PROMPT-EVALUATION.md
npm notice 9.3kB docs/QUICKSTART.md
npm notice 3.8kB docs/RELEASE-AUTOMATION.md
npm notice 1.8kB docs/releases/v0.8.0.md
npm notice 5.9kB docs/releases/v0.9.0.md
npm notice 3.1kB docs/releases/v0.9.1.md
npm notice 3.9kB docs/releases/v0.9.2.md
npm notice 3.2kB docs/releases/v0.9.3.md
npm notice 37.0kB docs/ROADMAP.md
npm notice 3.8kB docs/SECURITY-PROFILES.md
npm notice 1.0kB docs/security/profiles/baseline.md
npm notice 1.1kB docs/security/profiles/multi-tenant.md
npm notice 1.2kB docs/security/profiles/sensitive-data.md
npm notice 1.1kB docs/security/profiles/stateful-data.md
npm notice 1.1kB docs/security/profiles/web-api.md
npm notice 517B docs/security/SECURITY-PROFILE.md
npm notice 1.7kB docs/security/THREAT-MODEL.md
npm notice 6.0kB docs/SOURCE-OF-TRUTH.md
npm notice 6.4kB docs/STACK-PROFILES.md
npm notice 17.4kB docs/TASK-PACKS.md
npm notice 6.4kB docs/TASK-READINESS.md
npm notice 14.4kB docs/tasks/git-aware-bounded-review.md
npm notice 10.3kB docs/tasks/source-truth-freshness.md
npm notice 15.4kB docs/tasks/stage5-monorepo-workspace-conformance.md
npm notice 14.8kB docs/tasks/stage6-security-profiles.md
npm notice 16.1kB docs/tasks/stage7-prompt-evaluation.md
npm notice 17.1kB docs/tasks/stage8-architecture-fitness.md
npm notice 16.6kB docs/tasks/stage9-release-automation.md
npm notice 18.6kB docs/tasks/stage10-community-plugins.md
npm notice 15.4kB docs/tasks/stage11-mobile-profiles-implementation.md
npm notice 13.9kB docs/tasks/stage11-mobile-profiles.md
npm notice 19.0kB docs/tasks/verification-workspace-provenance.md
npm notice 18.8kB docs/tasks/workspace-source-truth.md
npm notice 1.4kB docs/testing/TEST-STRATEGY.md
npm notice 12.2kB docs/UPDATES.md
npm notice 8.9kB docs/VERIFICATION-EVIDENCE.md
npm notice 1.7kB evaluations/prompt-behavior/mutations.json
npm notice 834B evaluations/prompt-behavior/reference-pass/discovery-boundaries.json
npm notice 1.4kB evaluations/prompt-behavior/reference-pass/plan-vertical-blockers.json
npm notice 684B evaluations/prompt-behavior/reference-pass/review-restartability.json
npm notice 1.0kB evaluations/prompt-behavior/reference-pass/verification-followup.json
npm notice 8.0kB evaluations/prompt-behavior/scenarios.json
npm notice 972B examples/community-profile-react-native/community-plugins/react-native-readiness/guidance/mobile-boundaries.md
npm notice 1.0kB examples/community-profile-react-native/community-plugins/react-native-readiness/plugin.json
npm notice 359B examples/community-profile-react-native/docs/plugins/PLUGINS.json
npm notice 166B examples/community-profile-react-native/package.json
npm notice 1.2kB examples/community-profile-react-native/README.md
npm notice 1.4kB examples/feature-spec.example.md
npm notice 72B examples/mobile-react-native/app.json
npm notice 526B examples/mobile-react-native/package.json
npm notice 1.0kB examples/mobile-react-native/README.md
npm notice 443B examples/mobile-react-native/scripts/build.mjs
npm notice 388B examples/mobile-react-native/scripts/format-check.mjs
npm notice 377B examples/mobile-react-native/scripts/typecheck.mjs
npm notice 373B examples/mobile-react-native/src/app.js
npm notice 339B examples/mobile-react-native/test/e2e.test.mjs
npm notice 298B examples/mobile-react-native/test/integration.test.mjs
npm notice 382B examples/mobile-react-native/test/unit.test.mjs
npm notice 108B examples/mobile-react-native/tsconfig.json
npm notice 1.3kB examples/reference-saas-invite/AGENTS.md
npm notice 1.2kB examples/reference-saas-invite/docs/architecture/adr/ADR-001-invite-token-storage.md
npm notice 2.6kB examples/reference-saas-invite/docs/architecture/ARCHITECTURE.md
npm notice 1.2kB examples/reference-saas-invite/docs/architecture/DATA-MODEL.md
npm notice 1.1kB examples/reference-saas-invite/docs/architecture/DOMAIN.md
npm notice 1.3kB examples/reference-saas-invite/docs/architecture/FITNESS.json
npm notice 459B examples/reference-saas-invite/docs/delivery/DEFINITION-OF-DONE.md
npm notice 411B examples/reference-saas-invite/docs/delivery/DEFINITION-OF-READY.md
npm notice 499B examples/reference-saas-invite/docs/product/HISTORICAL-INVITATION-LISTING.md
npm notice 5.9kB examples/reference-saas-invite/docs/product/PRD.md
npm notice 1.5kB examples/reference-saas-invite/docs/product/PRODUCT-BRIEF.md
npm notice 2.4kB examples/reference-saas-invite/docs/product/USER-FLOWS.md
npm notice 286B examples/reference-saas-invite/docs/security/SECURITY-PROFILE.md
npm notice 1.8kB examples/reference-saas-invite/docs/security/THREAT-MODEL.md
npm notice 7.0kB examples/reference-saas-invite/docs/tasks/accept-invite.md
npm notice 6.8kB examples/reference-saas-invite/docs/tasks/accept-revoke-race.md
npm notice 5.1kB examples/reference-saas-invite/docs/tasks/decide-expired-invitation-listing.md
npm notice 11.3kB examples/reference-saas-invite/docs/tasks/list-active-invitations.md
npm notice 8.1kB examples/reference-saas-invite/docs/tasks/list-invitations-by-organization-repository.md
npm notice 7.6kB examples/reference-saas-invite/docs/tasks/revoke-pending-invite.md
npm notice 1.1kB examples/reference-saas-invite/docs/testing/TEST-STRATEGY.md
npm notice 381B examples/reference-saas-invite/package.json
npm notice 3.9kB examples/reference-saas-invite/prompts/01-discovery.md
npm notice 2.4kB examples/reference-saas-invite/prompts/02-plan-task.md
npm notice 2.5kB examples/reference-saas-invite/prompts/03-implement-task.md
npm notice 4.1kB examples/reference-saas-invite/prompts/04-code-review.md
npm notice 1.4kB examples/reference-saas-invite/prompts/05-security-review.md
npm notice 716B examples/reference-saas-invite/prompts/06-refactor.md
npm notice 1.0kB examples/reference-saas-invite/prompts/07-release-review.md
npm notice 929B examples/reference-saas-invite/prompts/README.md
npm notice 4.1kB examples/reference-saas-invite/README.md
npm notice 4.1kB examples/reference-saas-invite/src/application/invitation-service.mjs
npm notice 144B examples/reference-saas-invite/src/domain/index.mjs
npm notice 2.2kB examples/reference-saas-invite/src/domain/invitation.mjs
npm notice 1.6kB examples/reference-saas-invite/src/infrastructure/memory-invitation-repository.mjs
npm notice 3.1kB examples/reference-saas-invite/test/accept-revoke-race.test.mjs
npm notice 2.5kB examples/reference-saas-invite/test/invitation-list-repository.test.mjs
npm notice 4.6kB examples/reference-saas-invite/test/invitation-list-service.test.mjs
npm notice 9.0kB examples/reference-saas-invite/test/invitation-service.test.mjs
npm notice 19B examples/reference-workspace-monorepo/.gitattributes
npm notice 384B examples/reference-workspace-monorepo/docs/platform/SHARED-ORDER-POLICY.md
npm notice 206B examples/reference-workspace-monorepo/docs/UNRELATED-ROOT.md
npm notice 197B examples/reference-workspace-monorepo/packages/billing-worker/docs/product/PRD.md
npm notice 810B examples/reference-workspace-monorepo/packages/orders-api/AGENTS.md
npm notice 359B examples/reference-workspace-monorepo/packages/orders-api/docs/product/PRD.md
npm notice 3.9kB examples/reference-workspace-monorepo/packages/orders-api/docs/tasks/format-order-id.md
npm notice 221B examples/reference-workspace-monorepo/packages/orders-api/package.json
npm notice 2.4kB examples/reference-workspace-monorepo/packages/orders-api/prompts/02-plan-task.md
npm notice 2.5kB examples/reference-workspace-monorepo/packages/orders-api/prompts/03-implement-task.md
npm notice 4.1kB examples/reference-workspace-monorepo/packages/orders-api/prompts/04-code-review.md
npm notice 273B examples/reference-workspace-monorepo/packages/orders-api/src/order-id.mjs
npm notice 616B examples/reference-workspace-monorepo/packages/orders-api/test/order-id.test.mjs
npm notice 1.4kB examples/reference-workspace-monorepo/README.md
npm notice 1.9kB lib/adapters.mjs
npm notice 5.7kB lib/adoption-inspect.mjs
npm notice 3.3kB lib/adoption-plan.mjs
npm notice 31.5kB lib/architecture-fitness.mjs
npm notice 29.7kB lib/cli.mjs
npm notice 24.9kB lib/community-plugins.mjs
npm notice 18.5kB lib/context.mjs
npm notice 15.5kB lib/doctor.mjs
npm notice 4.3kB lib/git-review.mjs
npm notice 2.5kB lib/init.mjs
npm notice 3.0kB lib/manage.mjs
npm notice 2.9kB lib/managed-markdown.mjs
npm notice 5.2kB lib/merge.mjs
npm notice 2.1kB lib/migrations.mjs
npm notice 47.0kB lib/prompt-eval.mjs
npm notice 17.2kB lib/readiness.mjs
npm notice 36.1kB lib/release-check.mjs
npm notice 2.5kB lib/safe-path.mjs
npm notice 4.4kB lib/security-profiles.mjs
npm notice 2.0kB lib/semver.mjs
npm notice 2.2kB lib/source-truth-authority.mjs
npm notice 2.8kB lib/source-truth-references.mjs
npm notice 3.8kB lib/source-truth-scope.mjs
npm notice 5.6kB lib/stack-provenance.mjs
npm notice 14.8kB lib/stacks.mjs
npm notice 13.7kB lib/state.mjs
npm notice 8.1kB lib/task.mjs
npm notice 5.3kB lib/template.mjs
npm notice 3.1kB lib/update-apply-helpers.mjs
npm notice 7.2kB lib/update-apply.mjs
npm notice 12.7kB lib/update-plan.mjs
npm notice 4.4kB lib/update-report.mjs
npm notice 207B lib/update.mjs
npm notice 2.0kB lib/verification-commands.mjs
npm notice 15.4kB lib/verify.mjs
npm notice 359B lib/version.mjs
npm notice 1.7kB package.json
npm notice 3.9kB prompts/01-discovery.md
npm notice 2.4kB prompts/02-plan-task.md
npm notice 2.5kB prompts/03-implement-task.md
npm notice 4.1kB prompts/04-code-review.md
npm notice 1.4kB prompts/05-security-review.md
npm notice 716B prompts/06-refactor.md
npm notice 1.0kB prompts/07-release-review.md
npm notice 1.0kB scripts/check-syntax.mjs
npm notice 7.0kB scripts/validate-framework.mjs
npm notice 152B scripts/validate-framework.sh
npm notice Tarball Details
npm notice name: vibe-coding-production
npm notice version: 0.9.3
npm notice filename: vibe-coding-production-0.9.3.tgz
npm notice package size: 438.9 kB
npm notice unpacked size: 1.5 MB
npm notice shasum: 11d5815408c095d9c0a340ac0c841f989bd96fde
npm notice integrity: sha512-/Gbzdo+Owo+rr[...]aDJSAtShBkySw==
npm notice total files: 190
npm notice
vibe-coding-production-0.9.3.tgz
